2025-01-27T07:21:11.3349261Z Current runner version: '2.321.0'
2025-01-27T07:21:11.3375238Z ##[group]Operating System
2025-01-27T07:21:11.3375987Z Ubuntu
2025-01-27T07:21:11.3376607Z 24.04.1
2025-01-27T07:21:11.3377078Z LTS
2025-01-27T07:21:11.3377582Z ##[endgroup]
2025-01-27T07:21:11.3378186Z ##[group]Runner Image
2025-01-27T07:21:11.3378766Z Image: ubuntu-24.04
2025-01-27T07:21:11.3379247Z Version: 20250120.5.0
2025-01-27T07:21:11.3380381Z Included Software: https://github.com/actions/runner-images/blob/ubuntu24/20250120.5/images/ubuntu/Ubuntu2404-Readme.md
2025-01-27T07:21:11.3382069Z Image Release: https://github.com/actions/runner-images/releases/tag/ubuntu24%2F20250120.5
2025-01-27T07:21:11.3382936Z ##[endgroup]
2025-01-27T07:21:11.3383550Z ##[group]Runner Image Provisioner
2025-01-27T07:21:11.3384147Z 2.0.417.1
2025-01-27T07:21:11.3384585Z ##[endgroup]
2025-01-27T07:21:11.3385714Z ##[group]GITHUB_TOKEN Permissions
2025-01-27T07:21:11.3387751Z Contents: read
2025-01-27T07:21:11.3388367Z Metadata: read
2025-01-27T07:21:11.3389071Z Packages: read
2025-01-27T07:21:11.3389730Z ##[endgroup]
2025-01-27T07:21:11.3393056Z Secret source: Actions
2025-01-27T07:21:11.3394113Z Prepare workflow directory
2025-01-27T07:21:11.3704432Z Prepare all required actions
2025-01-27T07:21:11.3741905Z Getting action download info
2025-01-27T07:21:11.4891379Z Download action repository 'actions/checkout@v3' (SHA:f43a0e5ff2bd294095638e18286ca9a3d1956744)
2025-01-27T07:21:11.6543545Z Complete job name: Deploy and Test Application
2025-01-27T07:21:11.7340928Z ##[group]Run actions/checkout@v3
2025-01-27T07:21:11.7342050Z with:
2025-01-27T07:21:11.7342518Z   repository: souviknath94/ml-ops-grp39-assignment-1
2025-01-27T07:21:11.7343291Z   token: ***
2025-01-27T07:21:11.7343683Z   ssh-strict: true
2025-01-27T07:21:11.7344100Z   persist-credentials: true
2025-01-27T07:21:11.7344566Z   clean: true
2025-01-27T07:21:11.7344981Z   sparse-checkout-cone-mode: true
2025-01-27T07:21:11.7345473Z   fetch-depth: 1
2025-01-27T07:21:11.7345871Z   fetch-tags: false
2025-01-27T07:21:11.7346290Z   lfs: false
2025-01-27T07:21:11.7346653Z   submodules: false
2025-01-27T07:21:11.7347056Z   set-safe-directory: true
2025-01-27T07:21:11.7347717Z ##[endgroup]
2025-01-27T07:21:11.9331823Z Syncing repository: souviknath94/ml-ops-grp39-assignment-1
2025-01-27T07:21:11.9334291Z ##[group]Getting Git version info
2025-01-27T07:21:11.9335710Z Working directory is '/home/runner/work/ml-ops-grp39-assignment-1/ml-ops-grp39-assignment-1'
2025-01-27T07:21:11.9337681Z [command]/usr/bin/git version
2025-01-27T07:21:11.9386633Z git version 2.48.1
2025-01-27T07:21:11.9416955Z ##[endgroup]
2025-01-27T07:21:11.9436723Z Temporarily overriding HOME='/home/runner/work/_temp/effcd6fe-7ca4-43ef-b3d4-8e0706032864' before making global git config changes
2025-01-27T07:21:11.9438371Z Adding repository directory to the temporary git global config as a safe directory
2025-01-27T07:21:11.9441110Z [command]/usr/bin/git config --global --add safe.directory /home/runner/work/ml-ops-grp39-assignment-1/ml-ops-grp39-assignment-1
2025-01-27T07:21:11.9477779Z Deleting the contents of '/home/runner/work/ml-ops-grp39-assignment-1/ml-ops-grp39-assignment-1'
2025-01-27T07:21:11.9481670Z ##[group]Initializing the repository
2025-01-27T07:21:11.9485423Z [command]/usr/bin/git init /home/runner/work/ml-ops-grp39-assignment-1/ml-ops-grp39-assignment-1
2025-01-27T07:21:11.9572703Z hint: Using 'master' as the name for the initial branch. This default branch name
2025-01-27T07:21:11.9574183Z hint: is subject to change. To configure the initial branch name to use in all
2025-01-27T07:21:11.9575228Z hint: of your new repositories, which will suppress this warning, call:
2025-01-27T07:21:11.9576373Z hint:
2025-01-27T07:21:11.9577178Z hint: 	git config --global init.defaultBranch <name>
2025-01-27T07:21:11.9578136Z hint:
2025-01-27T07:21:11.9578993Z hint: Names commonly chosen instead of 'master' are 'main', 'trunk' and
2025-01-27T07:21:11.9580302Z hint: 'development'. The just-created branch can be renamed via this command:
2025-01-27T07:21:11.9581515Z hint:
2025-01-27T07:21:11.9581916Z hint: 	git branch -m <name>
2025-01-27T07:21:11.9582833Z Initialized empty Git repository in /home/runner/work/ml-ops-grp39-assignment-1/ml-ops-grp39-assignment-1/.git/
2025-01-27T07:21:11.9588573Z [command]/usr/bin/git remote add origin https://github.com/souviknath94/ml-ops-grp39-assignment-1
2025-01-27T07:21:11.9622458Z ##[endgroup]
2025-01-27T07:21:11.9625228Z ##[group]Disabling automatic garbage collection
2025-01-27T07:21:11.9626325Z [command]/usr/bin/git config --local gc.auto 0
2025-01-27T07:21:11.9652924Z ##[endgroup]
2025-01-27T07:21:11.9653609Z ##[group]Setting up auth
2025-01-27T07:21:11.9658372Z [command]/usr/bin/git config --local --name-only --get-regexp core\.sshCommand
2025-01-27T07:21:11.9685518Z [command]/usr/bin/git submodule foreach --recursive sh -c "git config --local --name-only --get-regexp 'core\.sshCommand' && git config --local --unset-all 'core.sshCommand' || :"
2025-01-27T07:21:11.9993781Z [command]/usr/bin/git config --local --name-only --get-regexp http\.https\:\/\/github\.com\/\.extraheader
2025-01-27T07:21:12.0020190Z [command]/usr/bin/git submodule foreach --recursive sh -c "git config --local --name-only --get-regexp 'http\.https\:\/\/github\.com\/\.extraheader' && git config --local --unset-all 'http.https://github.com/.extraheader' || :"
2025-01-27T07:21:12.0247237Z [command]/usr/bin/git config --local http.https://github.com/.extraheader AUTHORIZATION: basic ***
2025-01-27T07:21:12.0280212Z ##[endgroup]
2025-01-27T07:21:12.0281544Z ##[group]Fetching the repository
2025-01-27T07:21:12.0288618Z [command]/usr/bin/git -c protocol.version=2 fetch --no-tags --prune --progress --no-recurse-submodules --depth=1 origin +ca58a577503323f68c05d5d92db4e6558b958270:refs/remotes/origin/main
2025-01-27T07:21:12.2512404Z remote: Enumerating objects: 197, done.        
2025-01-27T07:21:12.2514475Z remote: Counting objects:   0% (1/197)        
2025-01-27T07:21:12.2515567Z remote: Counting objects:   1% (2/197)        
2025-01-27T07:21:12.2516432Z remote: Counting objects:   2% (4/197)        
2025-01-27T07:21:12.2517326Z remote: Counting objects:   3% (6/197)        
2025-01-27T07:21:12.2518208Z remote: Counting objects:   4% (8/197)        
2025-01-27T07:21:12.2519143Z remote: Counting objects:   5% (10/197)        
2025-01-27T07:21:12.2519990Z remote: Counting objects:   6% (12/197)        
2025-01-27T07:21:12.2520755Z remote: Counting objects:   7% (14/197)        
2025-01-27T07:21:12.2521687Z remote: Counting objects:   8% (16/197)        
2025-01-27T07:21:12.2522457Z remote: Counting objects:   9% (18/197)        
2025-01-27T07:21:12.2523227Z remote: Counting objects:  10% (20/197)        
2025-01-27T07:21:12.2523983Z remote: Counting objects:  11% (22/197)        
2025-01-27T07:21:12.2524731Z remote: Counting objects:  12% (24/197)        
2025-01-27T07:21:12.2525523Z remote: Counting objects:  13% (26/197)        
2025-01-27T07:21:12.2526303Z remote: Counting objects:  14% (28/197)        
2025-01-27T07:21:12.2526883Z remote: Counting objects:  15% (30/197)        
2025-01-27T07:21:12.2527478Z remote: Counting objects:  16% (32/197)        
2025-01-27T07:21:12.2528077Z remote: Counting objects:  17% (34/197)        
2025-01-27T07:21:12.2528671Z remote: Counting objects:  18% (36/197)        
2025-01-27T07:21:12.2529263Z remote: Counting objects:  19% (38/197)        
2025-01-27T07:21:12.2529862Z remote: Counting objects:  20% (40/197)        
2025-01-27T07:21:12.2530450Z remote: Counting objects:  21% (42/197)        
2025-01-27T07:21:12.2531060Z remote: Counting objects:  22% (44/197)        
2025-01-27T07:21:12.2531755Z remote: Counting objects:  23% (46/197)        
2025-01-27T07:21:12.2532341Z remote: Counting objects:  24% (48/197)        
2025-01-27T07:21:12.2532924Z remote: Counting objects:  25% (50/197)        
2025-01-27T07:21:12.2533515Z remote: Counting objects:  26% (52/197)        
2025-01-27T07:21:12.2534108Z remote: Counting objects:  27% (54/197)        
2025-01-27T07:21:12.2534761Z remote: Counting objects:  28% (56/197)        
2025-01-27T07:21:12.2535883Z remote: Counting objects:  29% (58/197)        
2025-01-27T07:21:12.2536484Z remote: Counting objects:  30% (60/197)        
2025-01-27T07:21:12.2537061Z remote: Counting objects:  31% (62/197)        
2025-01-27T07:21:12.2537645Z remote: Counting objects:  32% (64/197)        
2025-01-27T07:21:12.2538221Z remote: Counting objects:  33% (66/197)        
2025-01-27T07:21:12.2538801Z remote: Counting objects:  34% (67/197)        
2025-01-27T07:21:12.2539398Z remote: Counting objects:  35% (69/197)        
2025-01-27T07:21:12.2539983Z remote: Counting objects:  36% (71/197)        
2025-01-27T07:21:12.2540572Z remote: Counting objects:  37% (73/197)        
2025-01-27T07:21:12.2541153Z remote: Counting objects:  38% (75/197)        
2025-01-27T07:21:12.2541859Z remote: Counting objects:  39% (77/197)        
2025-01-27T07:21:12.2542447Z remote: Counting objects:  40% (79/197)        
2025-01-27T07:21:12.2543031Z remote: Counting objects:  41% (81/197)        
2025-01-27T07:21:12.2543614Z remote: Counting objects:  42% (83/197)        
2025-01-27T07:21:12.2544201Z remote: Counting objects:  43% (85/197)        
2025-01-27T07:21:12.2544774Z remote: Counting objects:  44% (87/197)        
2025-01-27T07:21:12.2545356Z remote: Counting objects:  45% (89/197)        
2025-01-27T07:21:12.2545945Z remote: Counting objects:  46% (91/197)        
2025-01-27T07:21:12.2546543Z remote: Counting objects:  47% (93/197)        
2025-01-27T07:21:12.2547290Z remote: Counting objects:  48% (95/197)        
2025-01-27T07:21:12.2547894Z remote: Counting objects:  49% (97/197)        
2025-01-27T07:21:12.2548464Z remote: Counting objects:  50% (99/197)        
2025-01-27T07:21:12.2549048Z remote: Counting objects:  51% (101/197)        
2025-01-27T07:21:12.2549652Z remote: Counting objects:  52% (103/197)        
2025-01-27T07:21:12.2550229Z remote: Counting objects:  53% (105/197)        
2025-01-27T07:21:12.2550817Z remote: Counting objects:  54% (107/197)        
2025-01-27T07:21:12.2551690Z remote: Counting objects:  55% (109/197)        
2025-01-27T07:21:12.2552308Z remote: Counting objects:  56% (111/197)        
2025-01-27T07:21:12.2552901Z remote: Counting objects:  57% (113/197)        
2025-01-27T07:21:12.2553493Z remote: Counting objects:  58% (115/197)        
2025-01-27T07:21:12.2554075Z remote: Counting objects:  59% (117/197)        
2025-01-27T07:21:12.2554663Z remote: Counting objects:  60% (119/197)        
2025-01-27T07:21:12.2555251Z remote: Counting objects:  61% (121/197)        
2025-01-27T07:21:12.2555845Z remote: Counting objects:  62% (123/197)        
2025-01-27T07:21:12.2556438Z remote: Counting objects:  63% (125/197)        
2025-01-27T07:21:12.2557037Z remote: Counting objects:  64% (127/197)        
2025-01-27T07:21:12.2557669Z remote: Counting objects:  65% (129/197)        
2025-01-27T07:21:12.2558651Z remote: Counting objects:  66% (131/197)        
2025-01-27T07:21:12.2559487Z remote: Counting objects:  67% (132/197)        
2025-01-27T07:21:12.2560316Z remote: Counting objects:  68% (134/197)        
2025-01-27T07:21:12.2560940Z remote: Counting objects:  69% (136/197)        
2025-01-27T07:21:12.2562077Z remote: Counting objects:  70% (138/197)        
2025-01-27T07:21:12.2563044Z remote: Counting objects:  71% (140/197)        
2025-01-27T07:21:12.2564033Z remote: Counting objects:  72% (142/197)        
2025-01-27T07:21:12.2565058Z remote: Counting objects:  73% (144/197)        
2025-01-27T07:21:12.2566037Z remote: Counting objects:  74% (146/197)        
2025-01-27T07:21:12.2566997Z remote: Counting objects:  75% (148/197)        
2025-01-27T07:21:12.2567965Z remote: Counting objects:  76% (150/197)        
2025-01-27T07:21:12.2568911Z remote: Counting objects:  77% (152/197)        
2025-01-27T07:21:12.2569680Z remote: Counting objects:  78% (154/197)        
2025-01-27T07:21:12.2570630Z remote: Counting objects:  79% (156/197)        
2025-01-27T07:21:12.2571802Z remote: Counting objects:  80% (158/197)        
2025-01-27T07:21:12.2572922Z remote: Counting objects:  81% (160/197)        
2025-01-27T07:21:12.2574215Z remote: Counting objects:  82% (162/197)        
2025-01-27T07:21:12.2575218Z remote: Counting objects:  83% (164/197)        
2025-01-27T07:21:12.2576178Z remote: Counting objects:  84% (166/197)        
2025-01-27T07:21:12.2577176Z remote: Counting objects:  85% (168/197)        
2025-01-27T07:21:12.2578093Z remote: Counting objects:  86% (170/197)        
2025-01-27T07:21:12.2579026Z remote: Counting objects:  87% (172/197)        
2025-01-27T07:21:12.2580149Z remote: Counting objects:  88% (174/197)        
2025-01-27T07:21:12.2581357Z remote: Counting objects:  89% (176/197)        
2025-01-27T07:21:12.2582353Z remote: Counting objects:  90% (178/197)        
2025-01-27T07:21:12.2583321Z remote: Counting objects:  91% (180/197)        
2025-01-27T07:21:12.2584313Z remote: Counting objects:  92% (182/197)        
2025-01-27T07:21:12.2585222Z remote: Counting objects:  93% (184/197)        
2025-01-27T07:21:12.2585834Z remote: Counting objects:  94% (186/197)        
2025-01-27T07:21:12.2586495Z remote: Counting objects:  95% (188/197)        
2025-01-27T07:21:12.2587322Z remote: Counting objects:  96% (190/197)        
2025-01-27T07:21:12.2588300Z remote: Counting objects:  97% (192/197)        
2025-01-27T07:21:12.2589213Z remote: Counting objects:  98% (194/197)        
2025-01-27T07:21:12.2589801Z remote: Counting objects:  99% (196/197)        
2025-01-27T07:21:12.2590377Z remote: Counting objects: 100% (197/197)        
2025-01-27T07:21:12.2591409Z remote: Counting objects: 100% (197/197), done.        
2025-01-27T07:21:12.2592485Z remote: Compressing objects:   1% (1/81)        
2025-01-27T07:21:12.2593286Z remote: Compressing objects:   2% (2/81)        
2025-01-27T07:21:12.2593883Z remote: Compressing objects:   3% (3/81)        
2025-01-27T07:21:12.2594466Z remote: Compressing objects:   4% (4/81)        
2025-01-27T07:21:12.2595101Z remote: Compressing objects:   6% (5/81)        
2025-01-27T07:21:12.2596107Z remote: Compressing objects:   7% (6/81)        
2025-01-27T07:21:12.2597129Z remote: Compressing objects:   8% (7/81)        
2025-01-27T07:21:12.2598241Z remote: Compressing objects:   9% (8/81)        
2025-01-27T07:21:12.2599214Z remote: Compressing objects:  11% (9/81)        
2025-01-27T07:21:12.2600234Z remote: Compressing objects:  12% (10/81)        
2025-01-27T07:21:12.2601417Z remote: Compressing objects:  13% (11/81)        
2025-01-27T07:21:12.2602798Z remote: Compressing objects:  14% (12/81)        
2025-01-27T07:21:12.2604122Z remote: Compressing objects:  16% (13/81)        
2025-01-27T07:21:12.2604916Z remote: Compressing objects:  17% (14/81)        
2025-01-27T07:21:12.2605848Z remote: Compressing objects:  18% (15/81)        
2025-01-27T07:21:12.2606440Z remote: Compressing objects:  19% (16/81)        
2025-01-27T07:21:12.2607030Z remote: Compressing objects:  20% (17/81)        
2025-01-27T07:21:12.2607621Z remote: Compressing objects:  22% (18/81)        
2025-01-27T07:21:12.2608282Z remote: Compressing objects:  23% (19/81)        
2025-01-27T07:21:12.2608980Z remote: Compressing objects:  24% (20/81)        
2025-01-27T07:21:12.2609568Z remote: Compressing objects:  25% (21/81)        
2025-01-27T07:21:12.2610155Z remote: Compressing objects:  27% (22/81)        
2025-01-27T07:21:12.2610748Z remote: Compressing objects:  28% (23/81)        
2025-01-27T07:21:12.2611628Z remote: Compressing objects:  29% (24/81)        
2025-01-27T07:21:12.2612617Z remote: Compressing objects:  30% (25/81)        
2025-01-27T07:21:12.2613303Z remote: Compressing objects:  32% (26/81)        
2025-01-27T07:21:12.2614000Z remote: Compressing objects:  33% (27/81)        
2025-01-27T07:21:12.2614788Z remote: Compressing objects:  34% (28/81)        
2025-01-27T07:21:12.2615842Z remote: Compressing objects:  35% (29/81)        
2025-01-27T07:21:12.2616992Z remote: Compressing objects:  37% (30/81)        
2025-01-27T07:21:12.2618072Z remote: Compressing objects:  38% (31/81)        
2025-01-27T07:21:12.2619323Z remote: Compressing objects:  39% (32/81)        
2025-01-27T07:21:12.2620743Z remote: Compressing objects:  40% (33/81)        
2025-01-27T07:21:12.2622013Z remote: Compressing objects:  41% (34/81)        
2025-01-27T07:21:12.2623113Z remote: Compressing objects:  43% (35/81)        
2025-01-27T07:21:12.2624272Z remote: Compressing objects:  44% (36/81)        
2025-01-27T07:21:12.2625383Z remote: Compressing objects:  45% (37/81)        
2025-01-27T07:21:12.2626410Z remote: Compressing objects:  46% (38/81)        
2025-01-27T07:21:12.2627443Z remote: Compressing objects:  48% (39/81)        
2025-01-27T07:21:12.2628506Z remote: Compressing objects:  49% (40/81)        
2025-01-27T07:21:12.2629675Z remote: Compressing objects:  50% (41/81)        
2025-01-27T07:21:12.2630729Z remote: Compressing objects:  51% (42/81)        
2025-01-27T07:21:12.2631964Z remote: Compressing objects:  53% (43/81)        
2025-01-27T07:21:12.2632873Z remote: Compressing objects:  54% (44/81)        
2025-01-27T07:21:12.2633554Z remote: Compressing objects:  55% (45/81)        
2025-01-27T07:21:12.2634231Z remote: Compressing objects:  56% (46/81)        
2025-01-27T07:21:12.2634888Z remote: Compressing objects:  58% (47/81)        
2025-01-27T07:21:12.2635543Z remote: Compressing objects:  59% (48/81)        
2025-01-27T07:21:12.2636266Z remote: Compressing objects:  60% (49/81)        
2025-01-27T07:21:12.2637021Z remote: Compressing objects:  61% (50/81)        
2025-01-27T07:21:12.2637769Z remote: Compressing objects:  62% (51/81)        
2025-01-27T07:21:12.2638711Z remote: Compressing objects:  64% (52/81)        
2025-01-27T07:21:12.2639492Z remote: Compressing objects:  65% (53/81)        
2025-01-27T07:21:12.2640242Z remote: Compressing objects:  66% (54/81)        
2025-01-27T07:21:12.2640982Z remote: Compressing objects:  67% (55/81)        
2025-01-27T07:21:12.2642032Z remote: Compressing objects:  69% (56/81)        
2025-01-27T07:21:12.2642857Z remote: Compressing objects:  70% (57/81)        
2025-01-27T07:21:12.2643672Z remote: Compressing objects:  71% (58/81)        
2025-01-27T07:21:12.2644495Z remote: Compressing objects:  72% (59/81)        
2025-01-27T07:21:12.2645316Z remote: Compressing objects:  74% (60/81)        
2025-01-27T07:21:12.2646166Z remote: Compressing objects:  75% (61/81)        
2025-01-27T07:21:12.2646997Z remote: Compressing objects:  76% (62/81)        
2025-01-27T07:21:12.2648097Z remote: Compressing objects:  77% (63/81)        
2025-01-27T07:21:12.2649553Z remote: Compressing objects:  79% (64/81)        
2025-01-27T07:21:12.2650876Z remote: Compressing objects:  80% (65/81)        
2025-01-27T07:21:12.2652411Z remote: Compressing objects:  81% (66/81)        
2025-01-27T07:21:12.2653624Z remote: Compressing objects:  82% (67/81)        
2025-01-27T07:21:12.2654431Z remote: Compressing objects:  83% (68/81)        
2025-01-27T07:21:12.2655252Z remote: Compressing objects:  85% (69/81)        
2025-01-27T07:21:12.2656062Z remote: Compressing objects:  86% (70/81)        
2025-01-27T07:21:12.2656860Z remote: Compressing objects:  87% (71/81)        
2025-01-27T07:21:12.2657668Z remote: Compressing objects:  88% (72/81)        
2025-01-27T07:21:12.2658507Z remote: Compressing objects:  90% (73/81)        
2025-01-27T07:21:12.2659287Z remote: Compressing objects:  91% (74/81)        
2025-01-27T07:21:12.2660088Z remote: Compressing objects:  92% (75/81)        
2025-01-27T07:21:12.2660879Z remote: Compressing objects:  93% (76/81)        
2025-01-27T07:21:12.2662016Z remote: Compressing objects:  95% (77/81)        
2025-01-27T07:21:12.2662817Z remote: Compressing objects:  96% (78/81)        
2025-01-27T07:21:12.2663614Z remote: Compressing objects:  97% (79/81)        
2025-01-27T07:21:12.2664940Z remote: Compressing objects:  98% (80/81)        
2025-01-27T07:21:12.2666286Z remote: Compressing objects: 100% (81/81)        
2025-01-27T07:21:12.2667830Z remote: Compressing objects: 100% (81/81), done.        
2025-01-27T07:21:12.2669227Z Receiving objects:   0% (1/197)
2025-01-27T07:21:12.2670129Z Receiving objects:   1% (2/197)
2025-01-27T07:21:12.2671130Z Receiving objects:   2% (4/197)
2025-01-27T07:21:12.2671809Z Receiving objects:   3% (6/197)
2025-01-27T07:21:12.2672370Z Receiving objects:   4% (8/197)
2025-01-27T07:21:12.2672932Z Receiving objects:   5% (10/197)
2025-01-27T07:21:12.2673544Z Receiving objects:   6% (12/197)
2025-01-27T07:21:12.2674123Z Receiving objects:   7% (14/197)
2025-01-27T07:21:12.2674702Z Receiving objects:   8% (16/197)
2025-01-27T07:21:12.2675281Z Receiving objects:   9% (18/197)
2025-01-27T07:21:12.2675861Z Receiving objects:  10% (20/197)
2025-01-27T07:21:12.2676426Z Receiving objects:  11% (22/197)
2025-01-27T07:21:12.2676991Z Receiving objects:  12% (24/197)
2025-01-27T07:21:12.2677571Z Receiving objects:  13% (26/197)
2025-01-27T07:21:12.2678137Z Receiving objects:  14% (28/197)
2025-01-27T07:21:12.2678708Z Receiving objects:  15% (30/197)
2025-01-27T07:21:12.2679299Z Receiving objects:  16% (32/197)
2025-01-27T07:21:12.2679874Z Receiving objects:  17% (34/197)
2025-01-27T07:21:12.2680441Z Receiving objects:  18% (36/197)
2025-01-27T07:21:12.2681028Z Receiving objects:  19% (38/197)
2025-01-27T07:21:12.2681783Z Receiving objects:  20% (40/197)
2025-01-27T07:21:12.2682346Z Receiving objects:  21% (42/197)
2025-01-27T07:21:12.2682905Z Receiving objects:  22% (44/197)
2025-01-27T07:21:12.2683471Z Receiving objects:  23% (46/197)
2025-01-27T07:21:12.2684032Z Receiving objects:  24% (48/197)
2025-01-27T07:21:12.2684571Z Receiving objects:  25% (50/197)
2025-01-27T07:21:12.2685274Z Receiving objects:  26% (52/197)
2025-01-27T07:21:12.2685894Z Receiving objects:  27% (54/197)
2025-01-27T07:21:12.2686462Z Receiving objects:  28% (56/197)
2025-01-27T07:21:12.2687024Z Receiving objects:  29% (58/197)
2025-01-27T07:21:12.2687581Z Receiving objects:  30% (60/197)
2025-01-27T07:21:12.2688142Z Receiving objects:  31% (62/197)
2025-01-27T07:21:12.2688703Z Receiving objects:  32% (64/197)
2025-01-27T07:21:12.2689256Z Receiving objects:  33% (66/197)
2025-01-27T07:21:12.2689801Z Receiving objects:  34% (67/197)
2025-01-27T07:21:12.2690358Z Receiving objects:  35% (69/197)
2025-01-27T07:21:12.2690899Z Receiving objects:  36% (71/197)
2025-01-27T07:21:12.2691633Z Receiving objects:  37% (73/197)
2025-01-27T07:21:12.2692561Z Receiving objects:  38% (75/197)
2025-01-27T07:21:12.2693489Z Receiving objects:  39% (77/197)
2025-01-27T07:21:12.2694404Z Receiving objects:  40% (79/197)
2025-01-27T07:21:12.2695294Z Receiving objects:  41% (81/197)
2025-01-27T07:21:12.2696184Z Receiving objects:  42% (83/197)
2025-01-27T07:21:12.2697101Z Receiving objects:  43% (85/197)
2025-01-27T07:21:12.2698051Z Receiving objects:  44% (87/197)
2025-01-27T07:21:12.2699011Z Receiving objects:  45% (89/197)
2025-01-27T07:21:12.2699922Z Receiving objects:  46% (91/197)
2025-01-27T07:21:12.2700826Z Receiving objects:  47% (93/197)
2025-01-27T07:21:12.2701927Z Receiving objects:  48% (95/197)
2025-01-27T07:21:12.2702863Z Receiving objects:  49% (97/197)
2025-01-27T07:21:12.2703796Z Receiving objects:  50% (99/197)
2025-01-27T07:21:12.2704666Z Receiving objects:  51% (101/197)
2025-01-27T07:21:12.2705602Z Receiving objects:  52% (103/197)
2025-01-27T07:21:12.2706540Z Receiving objects:  53% (105/197)
2025-01-27T07:21:12.2707461Z Receiving objects:  54% (107/197)
2025-01-27T07:21:12.2708396Z Receiving objects:  55% (109/197)
2025-01-27T07:21:12.2709304Z Receiving objects:  56% (111/197)
2025-01-27T07:21:12.2710243Z Receiving objects:  57% (113/197)
2025-01-27T07:21:12.2711155Z Receiving objects:  58% (115/197)
2025-01-27T07:21:12.2712323Z Receiving objects:  59% (117/197)
2025-01-27T07:21:12.2713270Z Receiving objects:  60% (119/197)
2025-01-27T07:21:12.2714201Z Receiving objects:  61% (121/197)
2025-01-27T07:21:12.2715201Z Receiving objects:  62% (123/197)
2025-01-27T07:21:12.2716605Z remote: Total 197 (delta 46), reused 182 (delta 40), pack-reused 0 (from 0)        
2025-01-27T07:21:12.2718090Z Receiving objects:  63% (125/197)
2025-01-27T07:21:12.2718997Z Receiving objects:  64% (127/197)
2025-01-27T07:21:12.2719903Z Receiving objects:  65% (129/197)
2025-01-27T07:21:12.2721025Z Receiving objects:  66% (131/197)
2025-01-27T07:21:12.2722105Z Receiving objects:  67% (132/197)
2025-01-27T07:21:12.2723002Z Receiving objects:  68% (134/197)
2025-01-27T07:21:12.2723897Z Receiving objects:  69% (136/197)
2025-01-27T07:21:12.2724865Z Receiving objects:  70% (138/197)
2025-01-27T07:21:12.2725766Z Receiving objects:  71% (140/197)
2025-01-27T07:21:12.2726662Z Receiving objects:  72% (142/197)
2025-01-27T07:21:12.2727578Z Receiving objects:  73% (144/197)
2025-01-27T07:21:12.2728465Z Receiving objects:  74% (146/197)
2025-01-27T07:21:12.2729359Z Receiving objects:  75% (148/197)
2025-01-27T07:21:12.2730379Z Receiving objects:  76% (150/197)
2025-01-27T07:21:12.2731451Z Receiving objects:  77% (152/197)
2025-01-27T07:21:12.2732360Z Receiving objects:  78% (154/197)
2025-01-27T07:21:12.2733273Z Receiving objects:  79% (156/197)
2025-01-27T07:21:12.2734185Z Receiving objects:  80% (158/197)
2025-01-27T07:21:12.2735076Z Receiving objects:  81% (160/197)
2025-01-27T07:21:12.2735971Z Receiving objects:  82% (162/197)
2025-01-27T07:21:12.2736878Z Receiving objects:  83% (164/197)
2025-01-27T07:21:12.2737770Z Receiving objects:  84% (166/197)
2025-01-27T07:21:12.2738671Z Receiving objects:  85% (168/197)
2025-01-27T07:21:12.2739564Z Receiving objects:  86% (170/197)
2025-01-27T07:21:12.2740447Z Receiving objects:  87% (172/197)
2025-01-27T07:21:12.2741536Z Receiving objects:  88% (174/197)
2025-01-27T07:21:12.2742434Z Receiving objects:  89% (176/197)
2025-01-27T07:21:12.2743549Z Receiving objects:  90% (178/197)
2025-01-27T07:21:12.2744466Z Receiving objects:  91% (180/197)
2025-01-27T07:21:12.2745346Z Receiving objects:  92% (182/197)
2025-01-27T07:21:12.2746253Z Receiving objects:  93% (184/197)
2025-01-27T07:21:12.2747165Z Receiving objects:  94% (186/197)
2025-01-27T07:21:12.2748070Z Receiving objects:  95% (188/197)
2025-01-27T07:21:12.2748958Z Receiving objects:  96% (190/197)
2025-01-27T07:21:12.2749849Z Receiving objects:  97% (192/197)
2025-01-27T07:21:12.2750739Z Receiving objects:  98% (194/197)
2025-01-27T07:21:12.2751801Z Receiving objects:  99% (196/197)
2025-01-27T07:21:12.2752695Z Receiving objects: 100% (197/197)
2025-01-27T07:21:12.2753888Z Receiving objects: 100% (197/197), 111.69 KiB | 10.15 MiB/s, done.
2025-01-27T07:21:12.2755204Z Resolving deltas:   0% (0/46)
2025-01-27T07:21:12.2756142Z Resolving deltas:   2% (1/46)
2025-01-27T07:21:12.2756992Z Resolving deltas:   4% (2/46)
2025-01-27T07:21:12.2757846Z Resolving deltas:   6% (3/46)
2025-01-27T07:21:12.2758741Z Resolving deltas:   8% (4/46)
2025-01-27T07:21:12.2759587Z Resolving deltas:  10% (5/46)
2025-01-27T07:21:12.2760448Z Resolving deltas:  13% (6/46)
2025-01-27T07:21:12.2761472Z Resolving deltas:  15% (7/46)
2025-01-27T07:21:12.2762329Z Resolving deltas:  17% (8/46)
2025-01-27T07:21:12.2763174Z Resolving deltas:  19% (9/46)
2025-01-27T07:21:12.2764020Z Resolving deltas:  21% (10/46)
2025-01-27T07:21:12.2764880Z Resolving deltas:  23% (11/46)
2025-01-27T07:21:12.2765724Z Resolving deltas:  26% (12/46)
2025-01-27T07:21:12.2766590Z Resolving deltas:  28% (13/46)
2025-01-27T07:21:12.2767439Z Resolving deltas:  30% (14/46)
2025-01-27T07:21:12.2768285Z Resolving deltas:  32% (15/46)
2025-01-27T07:21:12.2769131Z Resolving deltas:  34% (16/46)
2025-01-27T07:21:12.2769978Z Resolving deltas:  36% (17/46)
2025-01-27T07:21:12.2770826Z Resolving deltas:  39% (18/46)
2025-01-27T07:21:12.2848865Z Resolving deltas:  41% (19/46)
2025-01-27T07:21:12.2849982Z Resolving deltas:  43% (20/46)
2025-01-27T07:21:12.2851095Z Resolving deltas:  45% (21/46)
2025-01-27T07:21:12.2852243Z Resolving deltas:  47% (22/46)
2025-01-27T07:21:12.2853308Z Resolving deltas:  50% (23/46)
2025-01-27T07:21:12.2854295Z Resolving deltas:  52% (24/46)
2025-01-27T07:21:12.2855017Z Resolving deltas:  54% (25/46)
2025-01-27T07:21:12.2855576Z Resolving deltas:  56% (26/46)
2025-01-27T07:21:12.2856129Z Resolving deltas:  58% (27/46)
2025-01-27T07:21:12.2856892Z Resolving deltas:  60% (28/46)
2025-01-27T07:21:12.2857538Z Resolving deltas:  63% (29/46)
2025-01-27T07:21:12.2858511Z Resolving deltas:  65% (30/46)
2025-01-27T07:21:12.2859155Z Resolving deltas:  67% (31/46)
2025-01-27T07:21:12.2859771Z Resolving deltas:  69% (32/46)
2025-01-27T07:21:12.2860319Z Resolving deltas:  71% (33/46)
2025-01-27T07:21:12.2860941Z Resolving deltas:  73% (34/46)
2025-01-27T07:21:12.2861677Z Resolving deltas:  76% (35/46)
2025-01-27T07:21:12.2862305Z Resolving deltas:  78% (36/46)
2025-01-27T07:21:12.2862844Z Resolving deltas:  80% (37/46)
2025-01-27T07:21:12.2863474Z Resolving deltas:  82% (38/46)
2025-01-27T07:21:12.2864110Z Resolving deltas:  84% (39/46)
2025-01-27T07:21:12.2864721Z Resolving deltas:  86% (40/46)
2025-01-27T07:21:12.2865251Z Resolving deltas:  89% (41/46)
2025-01-27T07:21:12.2865883Z Resolving deltas:  91% (42/46)
2025-01-27T07:21:12.2866548Z Resolving deltas:  93% (43/46)
2025-01-27T07:21:12.2867287Z Resolving deltas:  95% (44/46)
2025-01-27T07:21:12.2867969Z Resolving deltas:  97% (45/46)
2025-01-27T07:21:12.2868615Z Resolving deltas: 100% (46/46)
2025-01-27T07:21:12.2869269Z Resolving deltas: 100% (46/46), done.
2025-01-27T07:21:12.2892125Z From https://github.com/souviknath94/ml-ops-grp39-assignment-1
2025-01-27T07:21:12.2893541Z  * [new ref]         ca58a577503323f68c05d5d92db4e6558b958270 -> origin/main
2025-01-27T07:21:12.2920406Z ##[endgroup]
2025-01-27T07:21:12.2921962Z ##[group]Determining the checkout info
2025-01-27T07:21:12.2923614Z ##[endgroup]
2025-01-27T07:21:12.2924807Z ##[group]Checking out the ref
2025-01-27T07:21:12.2926807Z [command]/usr/bin/git checkout --progress --force -B main refs/remotes/origin/main
2025-01-27T07:21:12.3102693Z Switched to a new branch 'main'
2025-01-27T07:21:12.3106824Z branch 'main' set up to track 'origin/main'.
2025-01-27T07:21:12.3117246Z ##[endgroup]
2025-01-27T07:21:12.3162138Z [command]/usr/bin/git log -1 --format='%H'
2025-01-27T07:21:12.3185402Z 'ca58a577503323f68c05d5d92db4e6558b958270'
2025-01-27T07:21:12.3408678Z ##[group]Run docker build -t mlops-app:latest .
2025-01-27T07:21:12.3409728Z [36;1mdocker build -t mlops-app:latest .[0m
2025-01-27T07:21:12.3443109Z shell: /usr/bin/bash -e {0}
2025-01-27T07:21:12.3443746Z ##[endgroup]
2025-01-27T07:21:12.9757261Z #0 building with "default" instance using docker driver
2025-01-27T07:21:12.9758809Z 
2025-01-27T07:21:12.9759327Z #1 [internal] load build definition from Dockerfile
2025-01-27T07:21:12.9760696Z #1 transferring dockerfile: 204B done
2025-01-27T07:21:12.9762009Z #1 DONE 0.0s
2025-01-27T07:21:12.9762453Z 
2025-01-27T07:21:12.9763042Z #2 [auth] library/python:pull token for registry-1.docker.io
2025-01-27T07:21:12.9764250Z #2 DONE 0.0s
2025-01-27T07:21:12.9764697Z 
2025-01-27T07:21:12.9765341Z #3 [internal] load metadata for docker.io/library/python:3.10-slim
2025-01-27T07:21:13.1483031Z #3 DONE 0.4s
2025-01-27T07:21:13.2762450Z 
2025-01-27T07:21:13.2763267Z #4 [internal] load .dockerignore
2025-01-27T07:21:13.2764797Z #4 transferring context: 2B done
2025-01-27T07:21:13.2766057Z #4 DONE 0.0s
2025-01-27T07:21:13.2766692Z 
2025-01-27T07:21:13.2767234Z #5 [internal] load build context
2025-01-27T07:21:13.2768622Z #5 transferring context: 1.11MB 0.0s done
2025-01-27T07:21:13.2769989Z #5 DONE 0.1s
2025-01-27T07:21:13.2770602Z 
2025-01-27T07:21:13.2772634Z #6 [1/5] FROM docker.io/library/python:3.10-slim@sha256:a636f5aafba3654ac4d04d7c234a75b77fa26646fe0dafe4654b731bc413b02f
2025-01-27T07:21:13.2776542Z #6 resolve docker.io/library/python:3.10-slim@sha256:a636f5aafba3654ac4d04d7c234a75b77fa26646fe0dafe4654b731bc413b02f done
2025-01-27T07:21:13.2780400Z #6 sha256:af302e5c37e9dc1dbe2eadc8f5059d82a914066b541b0d1a6daa91d0cc55057d 4.19MB / 28.21MB 0.1s
2025-01-27T07:21:13.2783834Z #6 sha256:bbc323ca98c3f83e0cbfe8b76dc51046f5f4bd4b4cf61fe2f72938ab230224da 0B / 3.51MB 0.1s
2025-01-27T07:21:13.2786926Z #6 sha256:b90796360f2df89e76e6555029104040a75de96ca1c280a7eaf61041cd2c66b2 0B / 15.65MB 0.1s
2025-01-27T07:21:13.2790953Z #6 sha256:a636f5aafba3654ac4d04d7c234a75b77fa26646fe0dafe4654b731bc413b02f 9.13kB / 9.13kB done
2025-01-27T07:21:13.2794561Z #6 sha256:cd00babde42b5b5a8c6dead380a4135d3804d1355afc508605f7f2f925a9a245 1.75kB / 1.75kB done
2025-01-27T07:21:13.2798244Z #6 sha256:d2296cd008910191f603f5b5f95aee90158684e37e4740c4161dd6a059c4ac16 5.29kB / 5.29kB done
2025-01-27T07:21:13.4760457Z #6 sha256:af302e5c37e9dc1dbe2eadc8f5059d82a914066b541b0d1a6daa91d0cc55057d 28.21MB / 28.21MB 0.3s done
2025-01-27T07:21:13.4768816Z #6 sha256:bbc323ca98c3f83e0cbfe8b76dc51046f5f4bd4b4cf61fe2f72938ab230224da 3.51MB / 3.51MB 0.1s done
2025-01-27T07:21:13.4772533Z #6 sha256:b90796360f2df89e76e6555029104040a75de96ca1c280a7eaf61041cd2c66b2 9.44MB / 15.65MB 0.3s
2025-01-27T07:21:13.4780376Z #6 sha256:8831b5aa5e41704c31ad3ea2872e0c6a2f99bebd4279c7d02db78a10640bd114 249B / 249B 0.2s done
2025-01-27T07:21:13.5878502Z #6 sha256:b90796360f2df89e76e6555029104040a75de96ca1c280a7eaf61041cd2c66b2 15.65MB / 15.65MB 0.3s done
2025-01-27T07:21:13.5884007Z #6 extracting sha256:af302e5c37e9dc1dbe2eadc8f5059d82a914066b541b0d1a6daa91d0cc55057d 0.1s
2025-01-27T07:21:14.5130695Z #6 extracting sha256:af302e5c37e9dc1dbe2eadc8f5059d82a914066b541b0d1a6daa91d0cc55057d 1.0s done
2025-01-27T07:21:14.6550690Z #6 extracting sha256:bbc323ca98c3f83e0cbfe8b76dc51046f5f4bd4b4cf61fe2f72938ab230224da 0.1s
2025-01-27T07:21:14.8108861Z #6 extracting sha256:bbc323ca98c3f83e0cbfe8b76dc51046f5f4bd4b4cf61fe2f72938ab230224da 0.1s done
2025-01-27T07:21:14.8402121Z #6 extracting sha256:b90796360f2df89e76e6555029104040a75de96ca1c280a7eaf61041cd2c66b2
2025-01-27T07:21:15.5215851Z #6 extracting sha256:b90796360f2df89e76e6555029104040a75de96ca1c280a7eaf61041cd2c66b2 0.6s done
2025-01-27T07:21:15.5217230Z #6 extracting sha256:8831b5aa5e41704c31ad3ea2872e0c6a2f99bebd4279c7d02db78a10640bd114
2025-01-27T07:21:15.7322155Z #6 extracting sha256:8831b5aa5e41704c31ad3ea2872e0c6a2f99bebd4279c7d02db78a10640bd114 done
2025-01-27T07:21:15.7322923Z #6 DONE 2.4s
2025-01-27T07:21:15.7323091Z 
2025-01-27T07:21:15.7323646Z #7 [2/5] WORKDIR /app
2025-01-27T07:21:15.7323988Z #7 DONE 0.0s
2025-01-27T07:21:15.7324159Z 
2025-01-27T07:21:15.7324356Z #8 [3/5] COPY requirements.txt requirements.txt
2025-01-27T07:21:15.7324813Z #8 DONE 0.0s
2025-01-27T07:21:15.7324987Z 
2025-01-27T07:21:15.7325196Z #9 [4/5] RUN pip install -r requirements.txt
2025-01-27T07:21:17.0410494Z #9 1.460 Collecting flask
2025-01-27T07:21:17.1673608Z #9 1.523   Downloading flask-3.1.0-py3-none-any.whl (102 kB)
2025-01-27T07:21:17.1674667Z #9 1.546      ━━━━━━━━━━━━━━━━━━━━━━━━━━━━━━━━━━━━━━━ 103.0/103.0 kB 4.5 MB/s eta 0:00:00
2025-01-27T07:21:17.1675152Z #9 1.586 Collecting joblib
2025-01-27T07:21:17.3469862Z #9 1.598   Downloading joblib-1.4.2-py3-none-any.whl (301 kB)
2025-01-27T07:21:17.3470938Z #9 1.615      ━━━━━━━━━━━━━━━━━━━━━━━━━━━━━━━━━━━━━━ 301.8/301.8 kB 19.8 MB/s eta 0:00:00
2025-01-27T07:21:17.5505299Z #9 1.969 Collecting numpy
2025-01-27T07:21:17.7115008Z #9 1.982   Downloading numpy-2.2.2-cp310-cp310-manylinux_2_17_x86_64.manylinux2014_x86_64.whl (16.4 MB)
2025-01-27T07:21:17.8618079Z #9 2.130      ━━━━━━━━━━━━━━━━━━━━━━━━━━━━━━━━━━━━━━━ 16.4/16.4 MB 105.8 MB/s eta 0:00:00
2025-01-27T07:21:17.8963689Z #9 2.315 Collecting scikit-learn
2025-01-27T07:21:18.0060871Z #9 2.328   Downloading scikit_learn-1.6.1-cp310-cp310-manylinux_2_17_x86_64.manylinux2014_x86_64.whl (13.5 MB)
2025-01-27T07:21:18.2444138Z #9 2.425      ━━━━━━━━━━━━━━━━━━━━━━━━━━━━━━━━━━━━━━━ 13.5/13.5 MB 129.2 MB/s eta 0:00:00
2025-01-27T07:21:18.2444718Z #9 2.500 Collecting mlflow
2025-01-27T07:21:18.2445183Z #9 2.512   Downloading mlflow-2.20.0-py3-none-any.whl (28.3 MB)
2025-01-27T07:21:18.4454572Z #9 2.713      ━━━━━━━━━━━━━━━━━━━━━━━━━━━━━━━━━━━━━━━━ 28.3/28.3 MB 91.1 MB/s eta 0:00:00
2025-01-27T07:21:18.5469867Z #9 2.965 Collecting pandas
2025-01-27T07:21:18.6626531Z #9 2.979   Downloading pandas-2.2.3-cp310-cp310-manylinux_2_17_x86_64.manylinux2014_x86_64.whl (13.1 MB)
2025-01-27T07:21:18.7785745Z #9 3.081      ━━━━━━━━━━━━━━━━━━━━━━━━━━━━━━━━━━━━━━━ 13.1/13.1 MB 120.3 MB/s eta 0:00:00
2025-01-27T07:21:18.7786713Z #9 3.158 Collecting click>=8.1.3
2025-01-27T07:21:18.7787409Z #9 3.170   Downloading click-8.1.8-py3-none-any.whl (98 kB)
2025-01-27T07:21:18.7788778Z #9 3.175      ━━━━━━━━━━━━━━━━━━━━━━━━━━━━━━━━━━━━━━━━ 98.2/98.2 kB 36.6 MB/s eta 0:00:00
2025-01-27T07:21:18.7789345Z #9 3.197 Collecting itsdangerous>=2.2
2025-01-27T07:21:18.9210458Z #9 3.210   Downloading itsdangerous-2.2.0-py3-none-any.whl (16 kB)
2025-01-27T07:21:18.9211432Z #9 3.241 Collecting Jinja2>=3.1.2
2025-01-27T07:21:18.9212065Z #9 3.254   Downloading jinja2-3.1.5-py3-none-any.whl (134 kB)
2025-01-27T07:21:18.9213355Z #9 3.259      ━━━━━━━━━━━━━━━━━━━━━━━━━━━━━━━━━━━━━━ 134.6/134.6 kB 40.8 MB/s eta 0:00:00
2025-01-27T07:21:18.9214007Z #9 3.281 Collecting blinker>=1.9
2025-01-27T07:21:18.9214506Z #9 3.293   Downloading blinker-1.9.0-py3-none-any.whl (8.5 kB)
2025-01-27T07:21:18.9214931Z #9 3.339 Collecting Werkzeug>=3.1
2025-01-27T07:21:19.0232972Z #9 3.353   Downloading werkzeug-3.1.3-py3-none-any.whl (224 kB)
2025-01-27T07:21:19.2485517Z #9 3.358      ━━━━━━━━━━━━━━━━━━━━━━━━━━━━━━━━━━━━━━ 224.5/224.5 kB 66.8 MB/s eta 0:00:00
2025-01-27T07:21:19.2486082Z #9 3.429 Collecting threadpoolctl>=3.1.0
2025-01-27T07:21:19.2486668Z #9 3.442   Downloading threadpoolctl-3.5.0-py3-none-any.whl (18 kB)
2025-01-27T07:21:19.2487235Z #9 3.667 Collecting scipy>=1.6.0
2025-01-27T07:21:19.4116957Z #9 3.680   Downloading scipy-1.15.1-cp310-cp310-manylinux_2_17_x86_64.manylinux2014_x86_64.whl (40.6 MB)
2025-01-27T07:21:19.6798859Z #9 3.978      ━━━━━━━━━━━━━━━━━━━━━━━━━━━━━━━━━━━━━━━━ 40.6/40.6 MB 68.1 MB/s eta 0:00:00
2025-01-27T07:21:19.6799696Z #9 4.098 Collecting markdown<4,>=3.3
2025-01-27T07:21:19.8488044Z #9 4.112   Downloading Markdown-3.7-py3-none-any.whl (106 kB)
2025-01-27T07:21:19.8489160Z #9 4.117      ━━━━━━━━━━━━━━━━━━━━━━━━━━━━━━━━━━━━━━ 106.3/106.3 kB 34.4 MB/s eta 0:00:00
2025-01-27T07:21:20.3045084Z #9 4.723 Collecting sqlalchemy<3,>=1.4.0
2025-01-27T07:21:20.4058052Z #9 4.736   Downloading SQLAlchemy-2.0.37-cp310-cp310-manylinux_2_17_x86_64.manylinux2014_x86_64.whl (3.1 MB)
2025-01-27T07:21:20.4059153Z #9 4.765      ━━━━━━━━━━━━━━━━━━━━━━━━━━━━━━━━━━━━━━━━ 3.1/3.1 MB 117.0 MB/s eta 0:00:00
2025-01-27T07:21:20.5194053Z #9 4.811 Collecting docker<8,>=4.0.0
2025-01-27T07:21:20.5194753Z #9 4.824   Downloading docker-7.1.0-py3-none-any.whl (147 kB)
2025-01-27T07:21:20.5195917Z #9 4.830      ━━━━━━━━━━━━━━━━━━━━━━━━━━━━━━━━━━━━━━ 147.8/147.8 kB 44.3 MB/s eta 0:00:00
2025-01-27T07:21:20.5196502Z #9 4.875 Collecting mlflow-skinny==2.20.0
2025-01-27T07:21:20.5197227Z #9 4.887   Downloading mlflow_skinny-2.20.0-py3-none-any.whl (6.0 MB)
2025-01-27T07:21:20.7274775Z #9 4.938      ━━━━━━━━━━━━━━━━━━━━━━━━━━━━━━━━━━━━━━━━ 6.0/6.0 MB 124.4 MB/s eta 0:00:00
2025-01-27T07:21:20.7275299Z #9 4.978 Collecting graphene<4
2025-01-27T07:21:20.7275728Z #9 4.991   Downloading graphene-3.4.3-py2.py3-none-any.whl (114 kB)
2025-01-27T07:21:20.7276362Z #9 4.995      ━━━━━━━━━━━━━━━━━━━━━━━━━━━━━━━━━━━━━━ 114.9/114.9 kB 43.0 MB/s eta 0:00:00
2025-01-27T07:21:20.8391112Z #9 5.258 Collecting matplotlib<4
2025-01-27T07:21:20.9899502Z #9 5.270   Downloading matplotlib-3.10.0-cp310-cp310-manylinux_2_17_x86_64.manylinux2014_x86_64.whl (8.6 MB)
2025-01-27T07:21:20.9901392Z #9 5.343      ━━━━━━━━━━━━━━━━━━━━━━━━━━━━━━━━━━━━━━━━ 8.6/8.6 MB 121.3 MB/s eta 0:00:00
2025-01-27T07:21:20.9901932Z #9 5.408 Collecting alembic!=1.10.0,<2
2025-01-27T07:21:21.1595173Z #9 5.422   Downloading alembic-1.14.1-py3-none-any.whl (233 kB)
2025-01-27T07:21:21.1596080Z #9 5.427      ━━━━━━━━━━━━━━━━━━━━━━━━━━━━━━━━━━━━━━ 233.6/233.6 kB 64.1 MB/s eta 0:00:00
2025-01-27T07:21:21.1662219Z #9 5.585 Collecting pyarrow<19,>=4.0.0
2025-01-27T07:21:21.3325193Z #9 5.601   Downloading pyarrow-18.1.0-cp310-cp310-manylinux_2_28_x86_64.whl (40.1 MB)
2025-01-27T07:21:21.7481104Z #9 5.948      ━━━━━━━━━━━━━━━━━━━━━━━━━━━━━━━━━━━━━━━━ 40.1/40.1 MB 64.0 MB/s eta 0:00:00
2025-01-27T07:21:21.7481915Z #9 6.029 Collecting gunicorn<24
2025-01-27T07:21:21.7482377Z #9 6.042   Downloading gunicorn-23.0.0-py3-none-any.whl (85 kB)
2025-01-27T07:21:21.7483127Z #9 6.047      ━━━━━━━━━━━━━━━━━━━━━━━━━━━━━━━━━━━━━━━━ 85.0/85.0 kB 25.6 MB/s eta 0:00:00
2025-01-27T07:21:21.7483603Z #9 6.167 Collecting packaging<25
2025-01-27T07:21:21.9150974Z #9 6.179   Downloading packaging-24.2-py3-none-any.whl (65 kB)
2025-01-27T07:21:21.9152239Z #9 6.183      ━━━━━━━━━━━━━━━━━━━━━━━━━━━━━━━━━━━━━━━━ 65.5/65.5 kB 27.7 MB/s eta 0:00:00
2025-01-27T07:21:22.0058187Z #9 6.424 Collecting pydantic<3,>=1.0
2025-01-27T07:21:22.1164393Z #9 6.438   Downloading pydantic-2.10.6-py3-none-any.whl (431 kB)
2025-01-27T07:21:22.1167384Z #9 6.445      ━━━━━━━━━━━━━━━━━━━━━━━━━━━━━━━━━━━━━━ 431.7/431.7 kB 91.8 MB/s eta 0:00:00
2025-01-27T07:21:22.1167991Z #9 6.479 Collecting typing-extensions<5,>=4.0.0
2025-01-27T07:21:22.1168795Z #9 6.492   Downloading typing_extensions-4.12.2-py3-none-any.whl (37 kB)
2025-01-27T07:21:22.1169471Z #9 6.522 Collecting cloudpickle<4
2025-01-27T07:21:22.1170021Z #9 6.535   Downloading cloudpickle-3.1.1-py3-none-any.whl (20 kB)
2025-01-27T07:21:22.2511588Z #9 6.617 Collecting importlib_metadata!=4.7.0,<9,>=3.7.0
2025-01-27T07:21:22.2512440Z #9 6.630   Downloading importlib_metadata-8.6.1-py3-none-any.whl (26 kB)
2025-01-27T07:21:22.2513052Z #9 6.670 Collecting opentelemetry-sdk<3,>=1.9.0
2025-01-27T07:21:22.3731413Z #9 6.682   Downloading opentelemetry_sdk-1.29.0-py3-none-any.whl (118 kB)
2025-01-27T07:21:22.3732612Z #9 6.687      ━━━━━━━━━━━━━━━━━━━━━━━━━━━━━━━━━━━━━━ 118.1/118.1 kB 43.0 MB/s eta 0:00:00
2025-01-27T07:21:22.3733032Z #9 6.735 Collecting gitpython<4,>=3.1.9
2025-01-27T07:21:22.3733471Z #9 6.748   Downloading GitPython-3.1.44-py3-none-any.whl (207 kB)
2025-01-27T07:21:22.3734072Z #9 6.753      ━━━━━━━━━━━━━━━━━━━━━━━━━━━━━━━━━━━━━━ 207.6/207.6 kB 64.0 MB/s eta 0:00:00
2025-01-27T07:21:22.3734501Z #9 6.792 Collecting opentelemetry-api<3,>=1.9.0
2025-01-27T07:21:22.5017094Z #9 6.804   Downloading opentelemetry_api-1.29.0-py3-none-any.whl (64 kB)
2025-01-27T07:21:22.5018497Z #9 6.808      ━━━━━━━━━━━━━━━━━━━━━━━━━━━━━━━━━━━━━━━━ 64.3/64.3 kB 26.7 MB/s eta 0:00:00
2025-01-27T07:21:22.5019204Z #9 6.850 Collecting databricks-sdk<1,>=0.20.0
2025-01-27T07:21:22.5019973Z #9 6.863   Downloading databricks_sdk-0.41.0-py3-none-any.whl (637 kB)
2025-01-27T07:21:22.5020808Z #9 6.872      ━━━━━━━━━━━━━━━━━━━━━━━━━━━━━━━━━━━━━━ 637.5/637.5 kB 98.3 MB/s eta 0:00:00
2025-01-27T07:21:22.5021446Z #9 6.920 Collecting requests<3,>=2.17.3
2025-01-27T07:21:22.6691894Z #9 6.933   Downloading requests-2.32.3-py3-none-any.whl (64 kB)
2025-01-27T07:21:22.6692933Z #9 6.937      ━━━━━━━━━━━━━━━━━━━━━━━━━━━━━━━━━━━━━━━━ 64.9/64.9 kB 24.2 MB/s eta 0:00:00
2025-01-27T07:21:22.8596608Z #9 7.278 Collecting protobuf<6,>=3.12.0
2025-01-27T07:21:22.9657446Z #9 7.291   Downloading protobuf-5.29.3-cp38-abi3-manylinux2014_x86_64.whl (319 kB)
2025-01-27T07:21:22.9658846Z #9 7.298      ━━━━━━━━━━━━━━━━━━━━━━━━━━━━━━━━━━━━━━ 319.7/319.7 kB 70.3 MB/s eta 0:00:00
2025-01-27T07:21:22.9659513Z #9 7.326 Collecting sqlparse<1,>=0.4.0
2025-01-27T07:21:22.9660238Z #9 7.338   Downloading sqlparse-0.5.3-py3-none-any.whl (44 kB)
2025-01-27T07:21:22.9661013Z #9 7.342      ━━━━━━━━━━━━━━━━━━━━━━━━━━━━━━━━━━━━━━━━ 44.4/44.4 kB 20.0 MB/s eta 0:00:00
2025-01-27T07:21:22.9662025Z #9 7.372 Collecting cachetools<6,>=5.0.0
2025-01-27T07:21:22.9662454Z #9 7.384   Downloading cachetools-5.5.1-py3-none-any.whl (9.5 kB)
2025-01-27T07:21:23.2136162Z #9 7.459 Collecting pyyaml<7,>=5.1
2025-01-27T07:21:23.2136854Z #9 7.472   Downloading PyYAML-6.0.2-cp310-cp310-manylinux_2_17_x86_64.manylinux2014_x86_64.whl (751 kB)
2025-01-27T07:21:23.2137842Z #9 7.482      ━━━━━━━━━━━━━━━━━━━━━━━━━━━━━━━━━━━━━ 751.2/751.2 kB 105.7 MB/s eta 0:00:00
2025-01-27T07:21:23.2480550Z #9 7.667 Collecting pytz>=2020.1
2025-01-27T07:21:23.3588558Z #9 7.679   Downloading pytz-2024.2-py2.py3-none-any.whl (508 kB)
2025-01-27T07:21:23.3589635Z #9 7.693      ━━━━━━━━━━━━━━━━━━━━━━━━━━━━━━━━━━━━━━ 508.0/508.0 kB 44.3 MB/s eta 0:00:00
2025-01-27T07:21:23.3590049Z #9 7.723 Collecting python-dateutil>=2.8.2
2025-01-27T07:21:23.3590841Z #9 7.735   Downloading python_dateutil-2.9.0.post0-py2.py3-none-any.whl (229 kB)
2025-01-27T07:21:23.3591844Z #9 7.740      ━━━━━━━━━━━━━━━━━━━━━━━━━━━━━━━━━━━━━━ 229.9/229.9 kB 70.2 MB/s eta 0:00:00
2025-01-27T07:21:23.3592286Z #9 7.777 Collecting tzdata>=2022.7
2025-01-27T07:21:23.5395539Z #9 7.790   Downloading tzdata-2025.1-py2.py3-none-any.whl (346 kB)
2025-01-27T07:21:23.5396526Z #9 7.796      ━━━━━━━━━━━━━━━━━━━━━━━━━━━━━━━━━━━━━━ 346.8/346.8 kB 88.3 MB/s eta 0:00:00
2025-01-27T07:21:23.5396901Z #9 7.835 Collecting Mako
2025-01-27T07:21:23.5397312Z #9 7.848   Downloading Mako-1.3.8-py3-none-any.whl (78 kB)
2025-01-27T07:21:23.5397855Z #9 7.852      ━━━━━━━━━━━━━━━━━━━━━━━━━━━━━━━━━━━━━━━━ 78.6/78.6 kB 29.1 MB/s eta 0:00:00
2025-01-27T07:21:23.5398315Z #9 7.958 Collecting urllib3>=1.26.0
2025-01-27T07:21:23.6629970Z #9 7.971   Downloading urllib3-2.3.0-py3-none-any.whl (128 kB)
2025-01-27T07:21:23.6631067Z #9 7.975      ━━━━━━━━━━━━━━━━━━━━━━━━━━━━━━━━━━━━━━ 128.4/128.4 kB 44.3 MB/s eta 0:00:00
2025-01-27T07:21:23.6632235Z #9 8.038 Collecting graphql-core<3.3,>=3.1
2025-01-27T07:21:23.6632798Z #9 8.051   Downloading graphql_core-3.2.6-py3-none-any.whl (203 kB)
2025-01-27T07:21:23.6633680Z #9 8.057      ━━━━━━━━━━━━━━━━━━━━━━━━━━━━━━━━━━━━━━ 203.4/203.4 kB 56.4 MB/s eta 0:00:00
2025-01-27T07:21:23.6634210Z #9 8.082 Collecting graphql-relay<3.3,>=3.1
2025-01-27T07:21:23.7960933Z #9 8.094   Downloading graphql_relay-3.2.0-py3-none-any.whl (16 kB)
2025-01-27T07:21:23.7961844Z #9 8.215 Collecting MarkupSafe>=2.0
2025-01-27T07:21:23.9593944Z #9 8.227   Downloading MarkupSafe-3.0.2-cp310-cp310-manylinux_2_17_x86_64.manylinux2014_x86_64.whl (20 kB)
2025-01-27T07:21:23.9607870Z #9 8.379 Collecting contourpy>=1.0.1
2025-01-27T07:21:24.1313161Z #9 8.393   Downloading contourpy-1.3.1-cp310-cp310-manylinux_2_17_x86_64.manylinux2014_x86_64.whl (324 kB)
2025-01-27T07:21:24.1314244Z #9 8.399      ━━━━━━━━━━━━━━━━━━━━━━━━━━━━━━━━━━━━━━ 325.0/325.0 kB 75.0 MB/s eta 0:00:00
2025-01-27T07:21:24.3029384Z #9 8.721 Collecting pillow>=8
2025-01-27T07:21:24.4705076Z #9 8.735   Downloading pillow-11.1.0-cp310-cp310-manylinux_2_28_x86_64.whl (4.5 MB)
2025-01-27T07:21:24.4706176Z #9 8.773      ━━━━━━━━━━━━━━━━━━━━━━━━━━━━━━━━━━━━━━━━ 4.5/4.5 MB 125.4 MB/s eta 0:00:00
2025-01-27T07:21:24.4706918Z #9 8.889 Collecting kiwisolver>=1.3.1
2025-01-27T07:21:24.6225919Z #9 8.902   Downloading kiwisolver-1.4.8-cp310-cp310-manylinux_2_12_x86_64.manylinux2010_x86_64.whl (1.6 MB)
2025-01-27T07:21:24.6226987Z #9 8.918      ━━━━━━━━━━━━━━━━━━━━━━━━━━━━━━━━━━━━━━━━ 1.6/1.6 MB 114.1 MB/s eta 0:00:00
2025-01-27T07:21:24.6227427Z #9 9.041 Collecting pyparsing>=2.3.1
2025-01-27T07:21:24.7924659Z #9 9.054   Downloading pyparsing-3.2.1-py3-none-any.whl (107 kB)
2025-01-27T07:21:24.7925653Z #9 9.060      ━━━━━━━━━━━━━━━━━━━━━━━━━━━━━━━━━━━━━━ 107.7/107.7 kB 23.0 MB/s eta 0:00:00
2025-01-27T07:21:24.8763243Z #9 9.295 Collecting fonttools>=4.22.0
2025-01-27T07:21:24.9977212Z #9 9.308   Downloading fonttools-4.55.6-cp310-cp310-manylinux_2_17_x86_64.manylinux2014_x86_64.whl (4.6 MB)
2025-01-27T07:21:24.9978542Z #9 9.343      ━━━━━━━━━━━━━━━━━━━━━━━━━━━━━━━━━━━━━━━━ 4.6/4.6 MB 140.9 MB/s eta 0:00:00
2025-01-27T07:21:24.9979101Z #9 9.370 Collecting cycler>=0.10
2025-01-27T07:21:24.9979592Z #9 9.382   Downloading cycler-0.12.1-py3-none-any.whl (8.3 kB)
2025-01-27T07:21:24.9980119Z #9 9.416 Collecting six>=1.5
2025-01-27T07:21:25.1613738Z #9 9.429   Downloading six-1.17.0-py2.py3-none-any.whl (11 kB)
2025-01-27T07:21:25.3371481Z #9 9.756 Collecting greenlet!=0.4.17
2025-01-27T07:21:25.5088699Z #9 9.769   Downloading greenlet-3.1.1-cp310-cp310-manylinux_2_24_x86_64.manylinux_2_28_x86_64.whl (599 kB)
2025-01-27T07:21:25.5089849Z #9 9.777      ━━━━━━━━━━━━━━━━━━━━━━━━━━━━━━━━━━━━━━ 599.5/599.5 kB 97.7 MB/s eta 0:00:00
2025-01-27T07:21:25.5292702Z #9 9.948 Collecting google-auth~=2.0
2025-01-27T07:21:25.6303503Z #9 9.961   Downloading google_auth-2.38.0-py2.py3-none-any.whl (210 kB)
2025-01-27T07:21:25.6305123Z #9 9.967      ━━━━━━━━━━━━━━━━━━━━━━━━━━━━━━━━━━━━━━ 210.8/210.8 kB 55.4 MB/s eta 0:00:00
2025-01-27T07:21:25.6305641Z #9 10.04 Collecting gitdb<5,>=4.0.1
2025-01-27T07:21:25.6306168Z #9 10.05   Downloading gitdb-4.0.12-py3-none-any.whl (62 kB)
2025-01-27T07:21:25.7650407Z #9 10.05      ━━━━━━━━━━━━━━━━━━━━━━━━━━━━━━━━━━━━━━━━ 62.8/62.8 kB 26.1 MB/s eta 0:00:00
2025-01-27T07:21:25.7651942Z #9 10.13 Collecting zipp>=3.20
2025-01-27T07:21:25.7652446Z #9 10.14   Downloading zipp-3.21.0-py3-none-any.whl (9.6 kB)
2025-01-27T07:21:25.7652999Z #9 10.18 Collecting importlib_metadata!=4.7.0,<9,>=3.7.0
2025-01-27T07:21:25.8783118Z #9 10.20   Downloading importlib_metadata-8.5.0-py3-none-any.whl (26 kB)
2025-01-27T07:21:25.8784596Z #9 10.23 Collecting deprecated>=1.2.6
2025-01-27T07:21:25.8785428Z #9 10.24   Downloading Deprecated-1.2.17-py2.py3-none-any.whl (9.1 kB)
2025-01-27T07:21:25.8786309Z #9 10.30 Collecting opentelemetry-semantic-conventions==0.50b0
2025-01-27T07:21:25.9823103Z #9 10.31   Downloading opentelemetry_semantic_conventions-0.50b0-py3-none-any.whl (166 kB)
2025-01-27T07:21:25.9824334Z #9 10.31      ━━━━━━━━━━━━━━━━━━━━━━━━━━━━━━━━━━━━━━ 166.6/166.6 kB 49.5 MB/s eta 0:00:00
2025-01-27T07:21:25.9824774Z #9 10.39 Collecting annotated-types>=0.6.0
2025-01-27T07:21:25.9825526Z #9 10.40   Downloading annotated_types-0.7.0-py3-none-any.whl (13 kB)
2025-01-27T07:21:27.2383214Z #9 11.66 Collecting pydantic-core==2.27.2
2025-01-27T07:21:27.4216035Z #9 11.67   Downloading pydantic_core-2.27.2-cp310-cp310-manylinux_2_17_x86_64.manylinux2014_x86_64.whl (2.0 MB)
2025-01-27T07:21:27.4217312Z #9 11.69      ━━━━━━━━━━━━━━━━━━━━━━━━━━━━━━━━━━━━━━━━ 2.0/2.0 MB 113.3 MB/s eta 0:00:00
2025-01-27T07:21:27.4601411Z #9 11.88 Collecting charset-normalizer<4,>=2
2025-01-27T07:21:27.5685460Z #9 11.89   Downloading charset_normalizer-3.4.1-cp310-cp310-manylinux_2_17_x86_64.manylinux2014_x86_64.whl (146 kB)
2025-01-27T07:21:27.5686620Z #9 11.90      ━━━━━━━━━━━━━━━━━━━━━━━━━━━━━━━━━━━━━━ 146.1/146.1 kB 52.9 MB/s eta 0:00:00
2025-01-27T07:21:27.5687176Z #9 11.93 Collecting certifi>=2017.4.17
2025-01-27T07:21:27.5687817Z #9 11.94   Downloading certifi-2024.12.14-py3-none-any.whl (164 kB)
2025-01-27T07:21:27.5688493Z #9 11.95      ━━━━━━━━━━━━━━━━━━━━━━━━━━━━━━━━━━━━━━ 164.9/164.9 kB 49.3 MB/s eta 0:00:00
2025-01-27T07:21:27.5688925Z #9 11.97 Collecting idna<4,>=2.5
2025-01-27T07:21:27.5689317Z #9 11.99   Downloading idna-3.10-py3-none-any.whl (70 kB)
2025-01-27T07:21:27.7236386Z #9 11.99      ━━━━━━━━━━━━━━━━━━━━━━━━━━━━━━━━━━━━━━━━ 70.4/70.4 kB 24.0 MB/s eta 0:00:00
2025-01-27T07:21:27.8296062Z #9 12.25 Collecting wrapt<2,>=1.10
2025-01-27T07:21:27.9416653Z #9 12.26   Downloading wrapt-1.17.2-cp310-cp310-manylinux_2_5_x86_64.manylinux1_x86_64.manylinux_2_17_x86_64.manylinux2014_x86_64.whl (82 kB)
2025-01-27T07:21:27.9418718Z #9 12.27      ━━━━━━━━━━━━━━━━━━━━━━━━━━━━━━━━━━━━━━━━ 82.8/82.8 kB 18.2 MB/s eta 0:00:00
2025-01-27T07:21:27.9419146Z #9 12.30 Collecting smmap<6,>=3.0.1
2025-01-27T07:21:27.9419540Z #9 12.31   Downloading smmap-5.0.2-py3-none-any.whl (24 kB)
2025-01-27T07:21:27.9420383Z #9 12.36 Collecting pyasn1-modules>=0.2.1
2025-01-27T07:21:28.0814627Z #9 12.37   Downloading pyasn1_modules-0.4.1-py3-none-any.whl (181 kB)
2025-01-27T07:21:28.0816086Z #9 12.38      ━━━━━━━━━━━━━━━━━━━━━━━━━━━━━━━━━━━━━━ 181.5/181.5 kB 42.4 MB/s eta 0:00:00
2025-01-27T07:21:28.0816602Z #9 12.41 Collecting rsa<5,>=3.1.4
2025-01-27T07:21:28.0817078Z #9 12.42   Downloading rsa-4.9-py3-none-any.whl (34 kB)
2025-01-27T07:21:28.0817577Z #9 12.50 Collecting pyasn1<0.7.0,>=0.4.6
2025-01-27T07:21:28.2493867Z #9 12.51   Downloading pyasn1-0.6.1-py3-none-any.whl (83 kB)
2025-01-27T07:21:28.2495132Z #9 12.52      ━━━━━━━━━━━━━━━━━━━━━━━━━━━━━━━━━━━━━━━━ 83.1/83.1 kB 28.0 MB/s eta 0:00:00
2025-01-27T07:21:28.6952867Z #9 13.11 Installing collected packages: pytz, zipp, wrapt, urllib3, tzdata, typing-extensions, threadpoolctl, sqlparse, smmap, six, pyyaml, pyparsing, pyasn1, pyarrow, protobuf, pillow, packaging, numpy, MarkupSafe, markdown, kiwisolver, joblib, itsdangerous, idna, greenlet, graphql-core, fonttools, cycler, cloudpickle, click, charset-normalizer, certifi, cachetools, blinker, annotated-types, Werkzeug, sqlalchemy, scipy, rsa, requests, python-dateutil, pydantic-core, pyasn1-modules, Mako, Jinja2, importlib_metadata, gunicorn, graphql-relay, gitdb, deprecated, contourpy, scikit-learn, pydantic, pandas, opentelemetry-api, matplotlib, graphene, google-auth, gitpython, flask, docker, alembic, opentelemetry-semantic-conventions, databricks-sdk, opentelemetry-sdk, mlflow-skinny, mlflow
2025-01-27T07:21:47.9127838Z #9 32.33 Successfully installed Jinja2-3.1.5 Mako-1.3.8 MarkupSafe-3.0.2 Werkzeug-3.1.3 alembic-1.14.1 annotated-types-0.7.0 blinker-1.9.0 cachetools-5.5.1 certifi-2024.12.14 charset-normalizer-3.4.1 click-8.1.8 cloudpickle-3.1.1 contourpy-1.3.1 cycler-0.12.1 databricks-sdk-0.41.0 deprecated-1.2.17 docker-7.1.0 flask-3.1.0 fonttools-4.55.6 gitdb-4.0.12 gitpython-3.1.44 google-auth-2.38.0 graphene-3.4.3 graphql-core-3.2.6 graphql-relay-3.2.0 greenlet-3.1.1 gunicorn-23.0.0 idna-3.10 importlib_metadata-8.5.0 itsdangerous-2.2.0 joblib-1.4.2 kiwisolver-1.4.8 markdown-3.7 matplotlib-3.10.0 mlflow-2.20.0 mlflow-skinny-2.20.0 numpy-2.2.2 opentelemetry-api-1.29.0 opentelemetry-sdk-1.29.0 opentelemetry-semantic-conventions-0.50b0 packaging-24.2 pandas-2.2.3 pillow-11.1.0 protobuf-5.29.3 pyarrow-18.1.0 pyasn1-0.6.1 pyasn1-modules-0.4.1 pydantic-2.10.6 pydantic-core-2.27.2 pyparsing-3.2.1 python-dateutil-2.9.0.post0 pytz-2024.2 pyyaml-6.0.2 requests-2.32.3 rsa-4.9 scikit-learn-1.6.1 scipy-1.15.1 six-1.17.0 smmap-5.0.2 sqlalchemy-2.0.37 sqlparse-0.5.3 threadpoolctl-3.5.0 typing-extensions-4.12.2 tzdata-2025.1 urllib3-2.3.0 wrapt-1.17.2 zipp-3.21.0
2025-01-27T07:21:48.0285880Z #9 32.33 WARNING: Running pip as the 'root' user can result in broken permissions and conflicting behaviour with the system package manager. It is recommended to use a virtual environment instead: https://pip.pypa.io/warnings/venv
2025-01-27T07:21:48.0287137Z #9 32.45 
2025-01-27T07:21:48.0287469Z #9 32.45 [notice] A new release of pip is available: 23.0.1 -> 25.0
2025-01-27T07:21:48.0287976Z #9 32.45 [notice] To update, run: pip install --upgrade pip
2025-01-27T07:21:50.2422753Z #9 DONE 34.7s
2025-01-27T07:21:50.4532186Z 
2025-01-27T07:21:50.4532629Z #10 [5/5] COPY . .
2025-01-27T07:21:50.4533004Z #10 DONE 0.1s
2025-01-27T07:21:50.4533169Z 
2025-01-27T07:21:50.4533295Z #11 exporting to image
2025-01-27T07:21:50.4533607Z #11 exporting layers
2025-01-27T07:21:53.9165841Z #11 exporting layers 3.6s done
2025-01-27T07:21:53.9492228Z #11 writing image sha256:d09a10a57e1252276d249d10e0c4bc7a18a55ae3bab2226312deedae2e4243e8 done
2025-01-27T07:21:53.9493106Z #11 naming to docker.io/library/mlops-app:latest done
2025-01-27T07:21:53.9493838Z #11 DONE 3.6s
2025-01-27T07:21:53.9570651Z ##[group]Run docker run -d -p 5000:5000 --name mlops-app mlops-app:latest
2025-01-27T07:21:53.9571829Z [36;1mdocker run -d -p 5000:5000 --name mlops-app mlops-app:latest[0m
2025-01-27T07:21:53.9572242Z [36;1mecho "Docker container is running on port 5000."[0m
2025-01-27T07:21:53.9601868Z shell: /usr/bin/bash -e {0}
2025-01-27T07:21:53.9602095Z ##[endgroup]
2025-01-27T07:21:53.9975566Z 781203b6cde197c82cfb4e81d30f1349bf1aa05de34ccddd9d6f2b29fcbd4c6b
2025-01-27T07:21:54.2197804Z Docker container is running on port 5000.
2025-01-27T07:21:54.2237268Z ##[group]Run sleep 10
2025-01-27T07:21:54.2237665Z [36;1msleep 10[0m
2025-01-27T07:21:54.2280000Z shell: /usr/bin/bash -e {0}
2025-01-27T07:21:54.2280374Z ##[endgroup]
2025-01-27T07:22:04.2397015Z ##[group]Run RESPONSE=$(curl -s -o /dev/null -w "%{http_code}" -X POST -H "Content-Type: application/json" \
2025-01-27T07:22:04.2397709Z [36;1mRESPONSE=$(curl -s -o /dev/null -w "%{http_code}" -X POST -H "Content-Type: application/json" \[0m
2025-01-27T07:22:04.2398240Z [36;1m  -d '{"features": [13.2, 2.77, 2.51, 24.5, 86.0, 1.45, 1.25, 0.5, 1.7, 6.5, 1.05, 3.33, 820.0]}' \[0m
2025-01-27T07:22:04.2398619Z [36;1m  http://localhost:5000/predict)[0m
2025-01-27T07:22:04.2398886Z [36;1mif [ "$RESPONSE" -eq 200 ]; then[0m
2025-01-27T07:22:04.2399253Z [36;1m  echo "Application deployed successfully! HTTP Status Code: $RESPONSE"[0m
2025-01-27T07:22:04.2399640Z [36;1m  echo "Verifying model response..."[0m
2025-01-27T07:22:04.2399967Z [36;1m  curl -X POST -H "Content-Type: application/json" \[0m
2025-01-27T07:22:04.2400360Z [36;1m    -d '{"features": [13.2, 2.77, 2.51, 24.5, 86.0, 1.45, 1.25, 0.5, 1.7, 6.5, 1.05, 3.33, 820.0]}' \[0m
2025-01-27T07:22:04.2400745Z [36;1m    http://localhost:5000/predict[0m
2025-01-27T07:22:04.2401009Z [36;1melse[0m
2025-01-27T07:22:04.2401395Z [36;1m  echo "Deployment failed! HTTP Status Code: $RESPONSE"[0m
2025-01-27T07:22:04.2401699Z [36;1m  exit 1[0m
2025-01-27T07:22:04.2401866Z [36;1mfi[0m
2025-01-27T07:22:04.2429592Z shell: /usr/bin/bash -e {0}
2025-01-27T07:22:04.2429815Z ##[endgroup]
2025-01-27T07:22:04.2597320Z Application deployed successfully! HTTP Status Code: 200
2025-01-27T07:22:04.2597740Z Verifying model response...
2025-01-27T07:22:04.2647286Z   % Total    % Received % Xferd  Average Speed   Time    Time     Time  Current
2025-01-27T07:22:04.2647942Z                                  Dload  Upload   Total   Spent    Left  Speed
2025-01-27T07:22:04.2648681Z 
2025-01-27T07:22:04.2665346Z   0     0    0     0    0     0      0      0 --:--:-- --:--:-- --:--:--     0
2025-01-27T07:22:04.2665923Z 100   107  100    17  100    90   8933  47293 --:--:-- --:--:-- --:--:--  104k
2025-01-27T07:22:04.2667687Z {"prediction":2}
2025-01-27T07:22:04.2744177Z ##[group]Run docker stop mlops-app
2025-01-27T07:22:04.2745516Z [36;1mdocker stop mlops-app[0m
2025-01-27T07:22:04.2745828Z [36;1mdocker rm mlops-app[0m
2025-01-27T07:22:04.2809605Z shell: /usr/bin/bash -e {0}
2025-01-27T07:22:04.2809928Z ##[endgroup]
2025-01-27T07:22:14.4941598Z mlops-app
2025-01-27T07:22:14.5136024Z mlops-app
2025-01-27T07:22:14.5217196Z Post job cleanup.
2025-01-27T07:22:14.5946053Z [command]/usr/bin/git version
2025-01-27T07:22:14.5983559Z git version 2.48.1
2025-01-27T07:22:14.6027098Z Temporarily overriding HOME='/home/runner/work/_temp/fc88307c-2718-4749-ae99-ce1a5e4d9f8b' before making global git config changes
2025-01-27T07:22:14.6028312Z Adding repository directory to the temporary git global config as a safe directory
2025-01-27T07:22:14.6032120Z [command]/usr/bin/git config --global --add safe.directory /home/runner/work/ml-ops-grp39-assignment-1/ml-ops-grp39-assignment-1
2025-01-27T07:22:14.6063792Z [command]/usr/bin/git config --local --name-only --get-regexp core\.sshCommand
2025-01-27T07:22:14.6093093Z [command]/usr/bin/git submodule foreach --recursive sh -c "git config --local --name-only --get-regexp 'core\.sshCommand' && git config --local --unset-all 'core.sshCommand' || :"
2025-01-27T07:22:14.6325396Z [command]/usr/bin/git config --local --name-only --get-regexp http\.https\:\/\/github\.com\/\.extraheader
2025-01-27T07:22:14.6345785Z http.https://github.com/.extraheader
2025-01-27T07:22:14.6357159Z [command]/usr/bin/git config --local --unset-all http.https://github.com/.extraheader
2025-01-27T07:22:14.6385768Z [command]/usr/bin/git submodule foreach --recursive sh -c "git config --local --name-only --get-regexp 'http\.https\:\/\/github\.com\/\.extraheader' && git config --local --unset-all 'http.https://github.com/.extraheader' || :"
2025-01-27T07:22:14.6717145Z Cleaning up orphan processes
